// Jest Snapshot v1, https://goo.gl/fbAQLP

exports[`Should render expense list with empty message 1`] = `
<div>
  <p>
    No Expenses
  </p>
</div>
`;

exports[`should render ExpenseList with expenses 1`] = `
<div>
  <ExpenseListItem
    amount={195}
    createdAt={0}
    description="chuds"
    id="1"
    note=""
  />
  <ExpenseListItem
    amount={30000}
    createdAt={-345600000}
    description="Rent"
    id="2"
    note=""
  />
  <ExpenseListItem
    amount={4500}
    createdAt={345600000}
    description="card"
    id="3"
    note=""
  />
</div>
`;
